// Vitest Snapshot v1, https://vitest.dev/guide/snapshot.html

exports[`snapshot with nothing in cart 1`] = `
<DocumentFragment>
  <div
    class="cart"
  >
    <h2>
      Cart
    </h2>
    <ul />
    <h3>
      Total: $0.00
    </h3>
    <button>
      Checkout
    </button>
  </div>
</DocumentFragment>
`;
